Server Node: rc12802
Client Node: rc12804
Infiniband hardware address can be incorrect! Please read BUGS section in ifconfig(8).
Infiniband hardware address can be incorrect! Please read BUGS section in ifconfig(8).
Server IB HW IP: 10.85.28.2
Client IB HW IP: 10.85.28.4
=== Run 1 of 10 ===
Running test with message size: 1 bytes
/localscratch/spool/slurmd/job16008233/slurm_script: line 52: /home/andrewh8/src/rdma-core/libibverbs/ibv_rc_pingpong: No such file or directory
/localscratch/spool/slurmd/job16008233/slurm_script: line 57: /home/andrewh8/src/rdma-core/libibverbs/ibv_rc_pingpong: No such file or directory
Running test with message size: 4 bytes
/localscratch/spool/slurmd/job16008233/slurm_script: line 52: /home/andrewh8/src/rdma-core/libibverbs/ibv_rc_pingpong: No such file or directory
/localscratch/spool/slurmd/job16008233/slurm_script: line 57: /home/andrewh8/src/rdma-core/libibverbs/ibv_rc_pingpong: No such file or directory
Running test with message size: 16 bytes
/localscratch/spool/slurmd/job16008233/slurm_script: line 52: /home/andrewh8/src/rdma-core/libibverbs/ibv_rc_pingpong: No such file or directory
/localscratch/spool/slurmd/job16008233/slurm_script: line 57: /home/andrewh8/src/rdma-core/libibverbs/ibv_rc_pingpong: No such file or directory
Running test with message size: 64 bytes
/localscratch/spool/slurmd/job16008233/slurm_script: line 52: /home/andrewh8/src/rdma-core/libibverbs/ibv_rc_pingpong: No such file or directory
/localscratch/spool/slurmd/job16008233/slurm_script: line 57: /home/andrewh8/src/rdma-core/libibverbs/ibv_rc_pingpong: No such file or directory
Running test with message size: 256 bytes
/localscratch/spool/slurmd/job16008233/slurm_script: line 52: /home/andrewh8/src/rdma-core/libibverbs/ibv_rc_pingpong: No such file or directory
/localscratch/spool/slurmd/job16008233/slurm_script: line 57: /home/andrewh8/src/rdma-core/libibverbs/ibv_rc_pingpong: No such file or directory
Running test with message size: 1024 bytes
/localscratch/spool/slurmd/job16008233/slurm_script: line 52: /home/andrewh8/src/rdma-core/libibverbs/ibv_rc_pingpong: No such file or directory
/localscratch/spool/slurmd/job16008233/slurm_script: line 57: /home/andrewh8/src/rdma-core/libibverbs/ibv_rc_pingpong: No such file or directory
Running test with message size: 4096 bytes
/localscratch/spool/slurmd/job16008233/slurm_script: line 52: /home/andrewh8/src/rdma-core/libibverbs/ibv_rc_pingpong: No such file or directory
/localscratch/spool/slurmd/job16008233/slurm_script: line 57: /home/andrewh8/src/rdma-core/libibverbs/ibv_rc_pingpong: No such file or directory
Running test with message size: 16384 bytes
/localscratch/spool/slurmd/job16008233/slurm_script: line 52: /home/andrewh8/src/rdma-core/libibverbs/ibv_rc_pingpong: No such file or directory
/localscratch/spool/slurmd/job16008233/slurm_script: line 57: /home/andrewh8/src/rdma-core/libibverbs/ibv_rc_pingpong: No such file or directory
Running test with message size: 65536 bytes
/localscratch/spool/slurmd/job16008233/slurm_script: line 52: /home/andrewh8/src/rdma-core/libibverbs/ibv_rc_pingpong: No such file or directory
/localscratch/spool/slurmd/job16008233/slurm_script: line 57: /home/andrewh8/src/rdma-core/libibverbs/ibv_rc_pingpong: No such file or directory
Running test with message size: 262144 bytes
/localscratch/spool/slurmd/job16008233/slurm_script: line 52: /home/andrewh8/src/rdma-core/libibverbs/ibv_rc_pingpong: No such file or directory
/localscratch/spool/slurmd/job16008233/slurm_script: line 57: /home/andrewh8/src/rdma-core/libibverbs/ibv_rc_pingpong: No such file or directory
Running test with message size: 1048576 bytes
/localscratch/spool/slurmd/job16008233/slurm_script: line 52: /home/andrewh8/src/rdma-core/libibverbs/ibv_rc_pingpong: No such file or directory
/localscratch/spool/slurmd/job16008233/slurm_script: line 57: /home/andrewh8/src/rdma-core/libibverbs/ibv_rc_pingpong: No such file or directory
=== Run 2 of 10 ===
Running test with message size: 1 bytes
/localscratch/spool/slurmd/job16008233/slurm_script: line 52: /home/andrewh8/src/rdma-core/libibverbs/ibv_rc_pingpong: No such file or directory
/localscratch/spool/slurmd/job16008233/slurm_script: line 57: /home/andrewh8/src/rdma-core/libibverbs/ibv_rc_pingpong: No such file or directory
Running test with message size: 4 bytes
/localscratch/spool/slurmd/job16008233/slurm_script: line 52: /home/andrewh8/src/rdma-core/libibverbs/ibv_rc_pingpong: No such file or directory
/localscratch/spool/slurmd/job16008233/slurm_script: line 57: /home/andrewh8/src/rdma-core/libibverbs/ibv_rc_pingpong: No such file or directory
Running test with message size: 16 bytes
/localscratch/spool/slurmd/job16008233/slurm_script: line 52: /home/andrewh8/src/rdma-core/libibverbs/ibv_rc_pingpong: No such file or directory
/localscratch/spool/slurmd/job16008233/slurm_script: line 57: /home/andrewh8/src/rdma-core/libibverbs/ibv_rc_pingpong: No such file or directory
Running test with message size: 64 bytes
/localscratch/spool/slurmd/job16008233/slurm_script: line 52: /home/andrewh8/src/rdma-core/libibverbs/ibv_rc_pingpong: No such file or directory
/localscratch/spool/slurmd/job16008233/slurm_script: line 57: /home/andrewh8/src/rdma-core/libibverbs/ibv_rc_pingpong: No such file or directory
Running test with message size: 256 bytes
/localscratch/spool/slurmd/job16008233/slurm_script: line 52: /home/andrewh8/src/rdma-core/libibverbs/ibv_rc_pingpong: No such file or directory
/localscratch/spool/slurmd/job16008233/slurm_script: line 57: /home/andrewh8/src/rdma-core/libibverbs/ibv_rc_pingpong: No such file or directory
Running test with message size: 1024 bytes
/localscratch/spool/slurmd/job16008233/slurm_script: line 52: /home/andrewh8/src/rdma-core/libibverbs/ibv_rc_pingpong: No such file or directory
/localscratch/spool/slurmd/job16008233/slurm_script: line 57: /home/andrewh8/src/rdma-core/libibverbs/ibv_rc_pingpong: No such file or directory
Running test with message size: 4096 bytes
/localscratch/spool/slurmd/job16008233/slurm_script: line 52: /home/andrewh8/src/rdma-core/libibverbs/ibv_rc_pingpong: No such file or directory
/localscratch/spool/slurmd/job16008233/slurm_script: line 57: /home/andrewh8/src/rdma-core/libibverbs/ibv_rc_pingpong: No such file or directory
Running test with message size: 16384 bytes
/localscratch/spool/slurmd/job16008233/slurm_script: line 52: /home/andrewh8/src/rdma-core/libibverbs/ibv_rc_pingpong: No such file or directory
/localscratch/spool/slurmd/job16008233/slurm_script: line 57: /home/andrewh8/src/rdma-core/libibverbs/ibv_rc_pingpong: No such file or directory
Running test with message size: 65536 bytes
/localscratch/spool/slurmd/job16008233/slurm_script: line 52: /home/andrewh8/src/rdma-core/libibverbs/ibv_rc_pingpong: No such file or directory
/localscratch/spool/slurmd/job16008233/slurm_script: line 57: /home/andrewh8/src/rdma-core/libibverbs/ibv_rc_pingpong: No such file or directory
Running test with message size: 262144 bytes
/localscratch/spool/slurmd/job16008233/slurm_script: line 52: /home/andrewh8/src/rdma-core/libibverbs/ibv_rc_pingpong: No such file or directory
/localscratch/spool/slurmd/job16008233/slurm_script: line 57: /home/andrewh8/src/rdma-core/libibverbs/ibv_rc_pingpong: No such file or directory
Running test with message size: 1048576 bytes
/localscratch/spool/slurmd/job16008233/slurm_script: line 52: /home/andrewh8/src/rdma-core/libibverbs/ibv_rc_pingpong: No such file or directory
/localscratch/spool/slurmd/job16008233/slurm_script: line 57: /home/andrewh8/src/rdma-core/libibverbs/ibv_rc_pingpong: No such file or directory
=== Run 3 of 10 ===
Running test with message size: 1 bytes
/localscratch/spool/slurmd/job16008233/slurm_script: line 52: /home/andrewh8/src/rdma-core/libibverbs/ibv_rc_pingpong: No such file or directory
/localscratch/spool/slurmd/job16008233/slurm_script: line 57: /home/andrewh8/src/rdma-core/libibverbs/ibv_rc_pingpong: No such file or directory
Running test with message size: 4 bytes
/localscratch/spool/slurmd/job16008233/slurm_script: line 52: /home/andrewh8/src/rdma-core/libibverbs/ibv_rc_pingpong: No such file or directory
/localscratch/spool/slurmd/job16008233/slurm_script: line 57: /home/andrewh8/src/rdma-core/libibverbs/ibv_rc_pingpong: No such file or directory
Running test with message size: 16 bytes
/localscratch/spool/slurmd/job16008233/slurm_script: line 52: /home/andrewh8/src/rdma-core/libibverbs/ibv_rc_pingpong: No such file or directory
/localscratch/spool/slurmd/job16008233/slurm_script: line 57: /home/andrewh8/src/rdma-core/libibverbs/ibv_rc_pingpong: No such file or directory
Running test with message size: 64 bytes
/localscratch/spool/slurmd/job16008233/slurm_script: line 52: /home/andrewh8/src/rdma-core/libibverbs/ibv_rc_pingpong: No such file or directory
/localscratch/spool/slurmd/job16008233/slurm_script: line 57: /home/andrewh8/src/rdma-core/libibverbs/ibv_rc_pingpong: No such file or directory
Running test with message size: 256 bytes
/localscratch/spool/slurmd/job16008233/slurm_script: line 52: /home/andrewh8/src/rdma-core/libibverbs/ibv_rc_pingpong: No such file or directory
/localscratch/spool/slurmd/job16008233/slurm_script: line 57: /home/andrewh8/src/rdma-core/libibverbs/ibv_rc_pingpong: No such file or directory
Running test with message size: 1024 bytes
/localscratch/spool/slurmd/job16008233/slurm_script: line 52: /home/andrewh8/src/rdma-core/libibverbs/ibv_rc_pingpong: No such file or directory
/localscratch/spool/slurmd/job16008233/slurm_script: line 57: /home/andrewh8/src/rdma-core/libibverbs/ibv_rc_pingpong: No such file or directory
Running test with message size: 4096 bytes
/localscratch/spool/slurmd/job16008233/slurm_script: line 52: /home/andrewh8/src/rdma-core/libibverbs/ibv_rc_pingpong: No such file or directory
/localscratch/spool/slurmd/job16008233/slurm_script: line 57: /home/andrewh8/src/rdma-core/libibverbs/ibv_rc_pingpong: No such file or directory
Running test with message size: 16384 bytes
/localscratch/spool/slurmd/job16008233/slurm_script: line 52: /home/andrewh8/src/rdma-core/libibverbs/ibv_rc_pingpong: No such file or directory
/localscratch/spool/slurmd/job16008233/slurm_script: line 57: /home/andrewh8/src/rdma-core/libibverbs/ibv_rc_pingpong: No such file or directory
Running test with message size: 65536 bytes
/localscratch/spool/slurmd/job16008233/slurm_script: line 52: /home/andrewh8/src/rdma-core/libibverbs/ibv_rc_pingpong: No such file or directory
/localscratch/spool/slurmd/job16008233/slurm_script: line 57: /home/andrewh8/src/rdma-core/libibverbs/ibv_rc_pingpong: No such file or directory
[2026-07-13T22:18:37.188] error: *** JOB 16008233 ON rc12802 CANCELLED AT 2026-07-13T22:18:37 DUE to SIGNAL Terminated ***
